BEGIN
SELECT 1
SELECT 1
SELECT 10
               fond_id                |             inventory_id             
--------------------------------------+--------------------------------------
 1106ad96-917b-47d6-88ab-3799874706c9 | 3b42e85b-75d9-41e5-a90e-e6c1b1b0ee98
(1 row)

                  id                  | code 
--------------------------------------+------
 e95db22a-9742-4685-ac60-affc7f0b6041 | 1
 0ad18c78-959e-4f2d-9394-e987c6562e97 | 2
 e217e016-4ea3-4564-b61c-df2805fda4ef | 3
 5931a1b5-b9c2-4d82-afd4-c5e20369d1cf | 4
 b82b5a65-1c5e-491a-b772-f54c2a9a7ba6 | 5
 ee7ef6f5-c447-440b-a3c2-08d7dc59ca43 | 6
 4a60ad37-45c3-4f4d-bcf3-469e218b956c | 7
 2931f5a8-0cdb-4c39-b3bd-4f7e1616f16f | 8
 164f8fce-ed26-45d8-9552-3d89b9896871 | 9
 72456182-379e-435e-9813-b162908cc762 | 10
(10 rows)

UPDATE 10
UPDATE 1
 new_files 
-----------
        10
(1 row)

 still_unlinked 
----------------
              0
(1 row)

COMMIT
