BEGIN
SELECT 119
SELECT 2
UPDATE 119
 parsed_total 
--------------
          119
(1 row)

 new_files 
-----------
         2
(1 row)

 inv_code | count 
----------+-------
 13ДОД    |     4
 14ДОД    |    34
 1ДОД     |     5
 20ДОД    |    11
 23ДОД    |     1
 24ДОД    |     2
 25ДОД    |     5
 26ДОД    |     3
 27       |     2
 27ДОД    |    31
 28ДОД    |     5
 29ДОД    |    10
 30ДОД    |     2
 5ДОД     |     1
 7ДОД     |     3
(15 rows)

 still_unlinked 
----------------
              0
(1 row)

COMMIT
COPY 2
COPY 119
